node.exe : (node:52916) 
ExperimentalWarning: CommonJS 
module C:\Program Files\nodejs
\node_modules\npm\node_modules
\debug\src\node.js is loading 
ES Module C:\Program Files\nod
ejs\node_modules\npm\node_modu
les\supports-color\index.js 
using require().
En C:\Program 
Files\nodejs\npx.ps1: 29 
Carácter: 3
+   & $NODE_EXE $NPX_CLI_JS 
$args
+   
~~~~~~~~~~~~~~~~~~~~~~~~~~~~~
    + CategoryInfo          : 
    NotSpecified: ((node:529  
  16) Ex...sing require().:   
 String) [], RemoteExcepti    
on
    + FullyQualifiedErrorId : 
    NativeCommandError
 
Support for loading ES Module 
in require() is an 
experimental feature and 
might change at any time
(Use `node --trace-warnings 
...` to show where the 
warning was created)
src/screens/ConsumoInsumosScreen.tsx(91,31): error TS2322: Type 'Dispatch<SetStateAction<string>>' is not assignable to type '(lote: Lote) => void'.
  Types of parameters 'value' and 'lote' are incompatible.
    Type 'Lote' is not assignable to type 'SetStateAction<string>'.
src/screens/SanidadScreen.tsx(124,31): error TS2322: Type 'Dispatch<SetStateAction<string>>' is not assignable to type '(lote: Lote) => void'.
  Types of parameters 'value' and 'lote' are incompatible.
    Type 'Lote' is not assignable to type 'SetStateAction<string>'.
